// Jest Snapshot v1, https://jestjs.io/docs/snapshot-testing

exports[`glob github issue 110 - __test__ dir 1`] = `
[
  "__snapshots__/glob.test.ts.snap",
  "config.test.ts",
  "fixture/temp",
  "glob.test.ts",
  "main.test.ts",
]
`;

exports[`glob github issue 110 - workspace 1`] = `
[
  ".env.example",
  ".gitattributes",
  ".gitignore",
  ".oxfmtrc.json",
  ".oxlintrc.json",
  "LICENSE",
  "README.md",
  "action.yml",
  "jest.config.ts",
  "mise.toml",
  "package-lock.json",
  "package.json",
  "script/download_binary.sh",
  "script/release",
  "src/config.ts",
  "src/glob.ts",
  "src/index.ts",
  "src/main.ts",
  "tsconfig.json",
  "tsdown.config.ts",
]
`;
