// Jest Snapshot v1, https://jestjs.io/docs/snapshot-testing

exports[`github issue 110 - __test__ dir 1`] = `
[
  "__snapshots__/globber-helper.test.ts.snap",
  "config-helper.test.ts",
  "fixture/temp",
  "globber-helper.test.ts",
  "main.test.ts",
]
`;

exports[`github issue 110 - workspace 1`] = `
[
  ".gitattributes",
  ".gitignore",
  ".prettierignore",
  ".prettierrc.yml",
  "LICENSE",
  "README.md",
  "action.yml",
  "coverage/coverage-summary.json",
  "coverage/lcov-report/base.css",
  "coverage/lcov-report/block-navigation.js",
  "coverage/lcov-report/config-helper.ts.html",
  "coverage/lcov-report/favicon.png",
  "coverage/lcov-report/glob-helper.ts.html",
  "coverage/lcov-report/index.html",
  "coverage/lcov-report/main.ts.html",
  "coverage/lcov-report/prettify.css",
  "coverage/lcov-report/prettify.js",
  "coverage/lcov-report/sort-arrow-sprite.png",
  "coverage/lcov-report/sorter.js",
  "coverage/lcov.info",
  "download_binary.sh",
  "eslint.config.mjs",
  "jest.config.ts",
  "package-lock.json",
  "package.json",
  "src/config-helper.ts",
  "src/glob-helper.ts",
  "src/main.ts",
  "tsconfig.json",
]
`;
